gcc -g -c -Wall ajout.c
gcc -g -c -Wall deledu.c
gcc -g -c -Wall edumantui.c
gcc -g -c -Wall edusearch.c
gcc -g -c -Wall modedu.c
gcc -g -c -Wall sortedu.c
gcc -g -c -Wall fxport.c
gcc -g -c -Wall main.c
gcc -g -c -Wall searchone.c
gcc -g ajout.o deledu.o edumantui.o edusearch.o modedu.o sortedu.o fxport.o main.o searchone.o -o ./bin/eduman 
